✔ content/project.json

✔ content/bank/basic_optics/semester114/s114-basic-optics-exam106-u06.json  〔厚透鏡的光學特性｜106 年國考〕11 題 single×11
✔ content/bank/basic_optics/semester114/s114-basic-optics-exam106-u07.json  〔球面屈光不正｜106 年國考〕9 題 single×9
✔ content/bank/basic_optics/semester114/s114-basic-optics-exam106-u08.json  〔反射｜106 年國考〕5 題 single×5
✔ content/bank/basic_optics/semester114/s114-basic-optics-exam106-u09.json  〔像差｜106 年國考〕4 題 single×4
✔ content/bank/basic_optics/semester114/s114-basic-optics-exam107-u06.json  〔厚透鏡的光學特性｜107 年國考〕23 題 single×23
✔ content/bank/basic_optics/semester114/s114-basic-optics-exam107-u07.json  〔球面屈光不正｜107 年國考〕12 題 single×12
✔ content/bank/basic_optics/semester114/s114-basic-optics-exam107-u08.json  〔反射｜107 年國考〕4 題 single×4
✔ content/bank/basic_optics/semester114/s114-basic-optics-exam107-u09.json  〔像差｜107 年國考〕4 題 single×4
✔ content/bank/basic_optics/semester114/s114-basic-optics-exam108-u06.json  〔厚透鏡的光學特性｜108 年國考〕16 題 single×16
✔ content/bank/basic_optics/semester114/s114-basic-optics-exam108-u07.json  〔球面屈光不正｜108 年國考〕6 題 single×6
✔ content/bank/basic_optics/semester114/s114-basic-optics-exam108-u08.json  〔反射｜108 年國考〕6 題 single×6
✔ content/bank/basic_optics/semester114/s114-basic-optics-exam108-u09.json  〔像差｜108 年國考〕4 題 single×4
✔ content/bank/basic_optics/semester114/s114-basic-optics-exam109-u06.json  〔厚透鏡的光學特性｜109 年國考〕19 題 single×19
✔ content/bank/basic_optics/semester114/s114-basic-optics-exam109-u07.json  〔球面屈光不正｜109 年國考〕14 題 single×14
✔ content/bank/basic_optics/semester114/s114-basic-optics-exam109-u08.json  〔反射｜109 年國考〕9 題 single×9
✔ content/bank/basic_optics/semester114/s114-basic-optics-exam109-u09.json  〔像差｜109 年國考〕10 題 single×10
✔ content/bank/basic_optics/semester114/s114-basic-optics-exam110-u06.json  〔厚透鏡的光學特性｜110 年國考〕11 題 single×11
✔ content/bank/basic_optics/semester114/s114-basic-optics-exam110-u07.json  〔球面屈光不正｜110 年國考〕12 題 single×12
✔ content/bank/basic_optics/semester114/s114-basic-optics-exam110-u08.json  〔反射｜110 年國考〕6 題 single×6
✔ content/bank/basic_optics/semester114/s114-basic-optics-exam110-u09.json  〔像差｜110 年國考〕5 題 single×5
✔ content/bank/basic_optics/semester114/s114-basic-optics-exam111-u06.json  〔厚透鏡的光學特性｜111 年國考〕7 題 single×7
✔ content/bank/basic_optics/semester114/s114-basic-optics-exam111-u07.json  〔球面屈光不正｜111 年國考〕8 題 single×8
✔ content/bank/basic_optics/semester114/s114-basic-optics-exam111-u08.json  〔反射｜111 年國考〕5 題 single×5
✔ content/bank/basic_optics/semester114/s114-basic-optics-exam111-u09.json  〔像差｜111 年國考〕5 題 single×5
✔ content/bank/basic_optics/semester114/s114-basic-optics-exam112-u06.json  〔厚透鏡的光學特性｜112 年國考〕7 題 single×7
✔ content/bank/basic_optics/semester114/s114-basic-optics-exam112-u07.json  〔球面屈光不正｜112 年國考〕10 題 single×10
✔ content/bank/basic_optics/semester114/s114-basic-optics-exam112-u08.json  〔反射｜112 年國考〕6 題 single×6
✔ content/bank/basic_optics/semester114/s114-basic-optics-exam112-u09.json  〔像差｜112 年國考〕7 題 single×7
✔ content/bank/basic_optics/semester114/s114-basic-optics-exam113-u06.json  〔厚透鏡的光學特性｜113 年國考〕5 題 single×5
✔ content/bank/basic_optics/semester114/s114-basic-optics-exam113-u07.json  〔球面屈光不正｜113 年國考〕6 題 single×6
✔ content/bank/basic_optics/semester114/s114-basic-optics-exam113-u08.json  〔反射｜113 年國考〕4 題 single×4
✔ content/bank/basic_optics/semester114/s114-basic-optics-exam113-u09.json  〔像差｜113 年國考〕8 題 single×8
✔ content/bank/basic_optics/semester114/s114-basic-optics-exam114-u06.json  〔厚透鏡的光學特性｜114 年國考〕4 題 single×4
✔ content/bank/basic_optics/semester114/s114-basic-optics-exam114-u07.json  〔球面屈光不正｜114 年國考〕7 題 single×7
✔ content/bank/basic_optics/semester114/s114-basic-optics-exam114-u08.json  〔反射｜114 年國考〕7 題 single×7
✔ content/bank/basic_optics/semester114/s114-basic-optics-exam114-u09.json  〔像差｜114 年國考〕8 題 single×8
✔ content/bank/eye_anat/eye-anat-orbit.json  〔眼解剖實驗：骨質眼窩與顱孔〕87 題 fill×71 single×16
✔ content/bank/eye_anat/eye-anat-visual-path.json  〔眼解剖實驗：視覺路徑與相關構造〕54 題 fill×40 single×14
✔ content/bank/eye_ans/ans-basics-q.json  〔【自主神經】U1 自主神經系統基本概念（自編練習）〕15 題 single×10 multi×2 fill×2 open×1
✔ content/bank/eye_ans/ans-clinical-q.json  〔【自主神經】U4 腦幹神經核與臨床表現（自編練習）〕17 題 single×13 multi×2 fill×1 open×1
✔ content/bank/eye_ans/ans-handout.json  〔【自主神經】講義小試身手（國考題）〕1 題 single×1
✔ content/bank/eye_ans/ans-pathways-q.json  〔【自主神經】U2 眼部自主神經的解剖路徑（自編練習）〕23 題 single×17 multi×4 fill×1 open×1
✔ content/bank/eye_ans/ans-reflex-q.json  〔【自主神經】U3 瞳孔光反射、近物反射與瞳孔放大（自編練習）〕23 題 single×17 multi×3 fill×2 open×1
✔ content/bank/eye_ans/ans-trigeminal-q.json  〔【自主神經】U2-2 三叉神經與眼眶的神經通道（自編練習）〕14 題 single×9 multi×3 fill×1 open×1
✔ content/bank/eye_ans/cornea/cornea-general-q.json  〔【角膜】U1 角膜總論：尺寸、屈光與組成（自編練習）〕12 題 single×8 fill×1 multi×2 open×1
✔ content/bank/eye_ans/cornea/cornea-handout.json  〔【角膜】講義小試身手〕8 題 single×8
✔ content/bank/eye_ans/cornea/cornea-layers-q.json  〔【角膜】U2 角膜五層構造（自編練習）〕30 題 single×23 multi×4 fill×2 open×1
✔ content/bank/eye_ans/cornea/cornea-supply-q.json  〔【角膜】U3 角膜的營養、神經與臨床應用（自編練習）〕18 題 single×14 multi×2 fill×1 open×1
✔ content/bank/eye_ans/semester114/s114-eye-ans-exam106-u10.json  〔視網膜分層構造｜106 年國考〕7 題 single×7
✔ content/bank/eye_ans/semester114/s114-eye-ans-exam106-u11.json  〔視網膜與神經傳遞｜106 年國考〕7 題 single×7
✔ content/bank/eye_ans/semester114/s114-eye-ans-exam106-u12.json  〔視網膜與眼電位｜106 年國考〕1 題 single×1
✔ content/bank/eye_ans/semester114/s114-eye-ans-exam106-u13.json  〔眼球構造血液供給｜106 年國考〕5 題 single×5
✔ content/bank/eye_ans/semester114/s114-eye-ans-exam106-u14.json  〔中樞視覺路徑｜106 年國考〕4 題 single×4
✔ content/bank/eye_ans/semester114/s114-eye-ans-exam106-u15.json  〔淚膜構造｜106 年國考〕2 題 single×2
✔ content/bank/eye_ans/semester114/s114-eye-ans-exam106-u16.json  〔中樞神經系統與視覺反射｜106 年國考〕6 題 single×6
✔ content/bank/eye_ans/semester114/s114-eye-ans-exam106-u17.json  〔眼瞼淚腺與結膜｜106 年國考〕5 題 single×5
✔ content/bank/eye_ans/semester114/s114-eye-ans-exam107-u10.json  〔視網膜分層構造｜107 年國考〕6 題 single×6
✔ content/bank/eye_ans/semester114/s114-eye-ans-exam107-u11.json  〔視網膜與神經傳遞｜107 年國考〕3 題 single×3
✔ content/bank/eye_ans/semester114/s114-eye-ans-exam107-u12.json  〔視網膜與眼電位｜107 年國考〕2 題 single×2
✔ content/bank/eye_ans/semester114/s114-eye-ans-exam107-u13.json  〔眼球構造血液供給｜107 年國考〕10 題 single×10
✔ content/bank/eye_ans/semester114/s114-eye-ans-exam107-u14.json  〔中樞視覺路徑｜107 年國考〕6 題 single×6
✔ content/bank/eye_ans/semester114/s114-eye-ans-exam107-u16.json  〔中樞神經系統與視覺反射｜107 年國考〕4 題 single×4
✔ content/bank/eye_ans/semester114/s114-eye-ans-exam107-u17.json  〔眼瞼淚腺與結膜｜107 年國考〕9 題 single×9
✔ content/bank/eye_ans/semester114/s114-eye-ans-exam108-u10.json  〔視網膜分層構造｜108 年國考〕8 題 single×8
✔ content/bank/eye_ans/semester114/s114-eye-ans-exam108-u11.json  〔視網膜與神經傳遞｜108 年國考〕4 題 single×4
✔ content/bank/eye_ans/semester114/s114-eye-ans-exam108-u12.json  〔視網膜與眼電位｜108 年國考〕3 題 single×3
✔ content/bank/eye_ans/semester114/s114-eye-ans-exam108-u13.json  〔眼球構造血液供給｜108 年國考〕6 題 single×6
✔ content/bank/eye_ans/semester114/s114-eye-ans-exam108-u14.json  〔中樞視覺路徑｜108 年國考〕6 題 single×6
✔ content/bank/eye_ans/semester114/s114-eye-ans-exam108-u15.json  〔淚膜構造｜108 年國考〕1 題 single×1
✔ content/bank/eye_ans/semester114/s114-eye-ans-exam108-u16.json  〔中樞神經系統與視覺反射｜108 年國考〕1 題 single×1
✔ content/bank/eye_ans/semester114/s114-eye-ans-exam108-u17.json  〔眼瞼淚腺與結膜｜108 年國考〕4 題 single×4
✔ content/bank/eye_ans/semester114/s114-eye-ans-exam109-u10.json  〔視網膜分層構造｜109 年國考〕6 題 single×6
✔ content/bank/eye_ans/semester114/s114-eye-ans-exam109-u11.json  〔視網膜與神經傳遞｜109 年國考〕7 題 single×7
✔ content/bank/eye_ans/semester114/s114-eye-ans-exam109-u12.json  〔視網膜與眼電位｜109 年國考〕1 題 single×1
✔ content/bank/eye_ans/semester114/s114-eye-ans-exam109-u13.json  〔眼球構造血液供給｜109 年國考〕13 題 single×13
✔ content/bank/eye_ans/semester114/s114-eye-ans-exam109-u14.json  〔中樞視覺路徑｜109 年國考〕6 題 single×6
✔ content/bank/eye_ans/semester114/s114-eye-ans-exam109-u15.json  〔淚膜構造｜109 年國考〕2 題 single×2
✔ content/bank/eye_ans/semester114/s114-eye-ans-exam109-u16.json  〔中樞神經系統與視覺反射｜109 年國考〕5 題 single×5
✔ content/bank/eye_ans/semester114/s114-eye-ans-exam109-u17.json  〔眼瞼淚腺與結膜｜109 年國考〕2 題 single×2
✔ content/bank/eye_ans/semester114/s114-eye-ans-exam110-u10.json  〔視網膜分層構造｜110 年國考〕4 題 single×4
✔ content/bank/eye_ans/semester114/s114-eye-ans-exam110-u11.json  〔視網膜與神經傳遞｜110 年國考〕4 題 single×4
✔ content/bank/eye_ans/semester114/s114-eye-ans-exam110-u12.json  〔視網膜與眼電位｜110 年國考〕3 題 single×3
✔ content/bank/eye_ans/semester114/s114-eye-ans-exam110-u13.json  〔眼球構造血液供給｜110 年國考〕4 題 single×4
✔ content/bank/eye_ans/semester114/s114-eye-ans-exam110-u14.json  〔中樞視覺路徑｜110 年國考〕4 題 single×4
✔ content/bank/eye_ans/semester114/s114-eye-ans-exam110-u16.json  〔中樞神經系統與視覺反射｜110 年國考〕1 題 single×1
✔ content/bank/eye_ans/semester114/s114-eye-ans-exam110-u17.json  〔眼瞼淚腺與結膜｜110 年國考〕2 題 single×2
✔ content/bank/eye_ans/semester114/s114-eye-ans-exam111-u10.json  〔視網膜分層構造｜111 年國考〕1 題 single×1
✔ content/bank/eye_ans/semester114/s114-eye-ans-exam111-u11.json  〔視網膜與神經傳遞｜111 年國考〕6 題 single×6
✔ content/bank/eye_ans/semester114/s114-eye-ans-exam111-u13.json  〔眼球構造血液供給｜111 年國考〕5 題 single×5
✔ content/bank/eye_ans/semester114/s114-eye-ans-exam111-u14.json  〔中樞視覺路徑｜111 年國考〕5 題 single×5
✔ content/bank/eye_ans/semester114/s114-eye-ans-exam111-u15.json  〔淚膜構造｜111 年國考〕1 題 single×1
✔ content/bank/eye_ans/semester114/s114-eye-ans-exam111-u16.json  〔中樞神經系統與視覺反射｜111 年國考〕2 題 single×2
✔ content/bank/eye_ans/semester114/s114-eye-ans-exam111-u17.json  〔眼瞼淚腺與結膜｜111 年國考〕1 題 single×1
✔ content/bank/eye_ans/semester114/s114-eye-ans-exam112-u10.json  〔視網膜分層構造｜112 年國考〕4 題 single×4
✔ content/bank/eye_ans/semester114/s114-eye-ans-exam112-u11.json  〔視網膜與神經傳遞｜112 年國考〕1 題 single×1
✔ content/bank/eye_ans/semester114/s114-eye-ans-exam112-u13.json  〔眼球構造血液供給｜112 年國考〕2 題 single×2
✔ content/bank/eye_ans/semester114/s114-eye-ans-exam112-u14.json  〔中樞視覺路徑｜112 年國考〕4 題 single×4
✔ content/bank/eye_ans/semester114/s114-eye-ans-exam112-u16.json  〔中樞神經系統與視覺反射｜112 年國考〕2 題 single×2
✔ content/bank/eye_ans/semester114/s114-eye-ans-exam112-u17.json  〔眼瞼淚腺與結膜｜112 年國考〕3 題 single×3
✔ content/bank/eye_ans/semester114/s114-eye-ans-exam113-u10.json  〔視網膜分層構造｜113 年國考〕2 題 single×2
✔ content/bank/eye_ans/semester114/s114-eye-ans-exam113-u11.json  〔視網膜與神經傳遞｜113 年國考〕3 題 single×3
✔ content/bank/eye_ans/semester114/s114-eye-ans-exam113-u12.json  〔視網膜與眼電位｜113 年國考〕2 題 single×2
✔ content/bank/eye_ans/semester114/s114-eye-ans-exam113-u13.json  〔眼球構造血液供給｜113 年國考〕4 題 single×4
✔ content/bank/eye_ans/semester114/s114-eye-ans-exam113-u14.json  〔中樞視覺路徑｜113 年國考〕3 題 single×3
✔ content/bank/eye_ans/semester114/s114-eye-ans-exam113-u15.json  〔淚膜構造｜113 年國考〕1 題 single×1
✔ content/bank/eye_ans/semester114/s114-eye-ans-exam113-u17.json  〔眼瞼淚腺與結膜｜113 年國考〕2 題 single×2
✔ content/bank/eye_ans/semester114/s114-eye-ans-exam114-u10.json  〔視網膜分層構造｜114 年國考〕4 題 single×4
✔ content/bank/eye_ans/semester114/s114-eye-ans-exam114-u11.json  〔視網膜與神經傳遞｜114 年國考〕1 題 single×1
✔ content/bank/eye_ans/semester114/s114-eye-ans-exam114-u12.json  〔視網膜與眼電位｜114 年國考〕1 題 single×1
✔ content/bank/eye_ans/semester114/s114-eye-ans-exam114-u13.json  〔眼球構造血液供給｜114 年國考〕4 題 single×4
✔ content/bank/eye_ans/semester114/s114-eye-ans-exam114-u14.json  〔中樞視覺路徑｜114 年國考〕4 題 single×4
✔ content/bank/eye_ans/semester114/s114-eye-ans-exam114-u16.json  〔中樞神經系統與視覺反射｜114 年國考〕3 題 single×3
✔ content/bank/eye_ans/semester114/s114-eye-ans-exam114-u17.json  〔眼瞼淚腺與結膜｜114 年國考〕2 題 single×2
✔ content/bank/optometry/semester114/s114-optometry-course114-u04.json  〔瞳距測量與焦度計｜114 學年度〕4 題 single×4
✔ content/bank/optometry/semester114/s114-optometry-course114-u05.json  〔客觀驗光：視網膜檢影與綜合驗光儀｜114 學年度〕6 題 single×6
✔ content/bank/optometry/semester114/s114-optometry-course114-u06.json  〔角膜曲率測量：K 值與角膜地圖｜114 學年度〕7 題 single×7
✔ content/bank/optometry/semester114/s114-optometry-course114-u07.json  〔瞳孔反應：光反射、RAPD 與 Horner syndrome｜114 學年度〕9 題 single×9
✔ content/bank/optometry/semester114/s114-optometry-course114-u08.json  〔立體視覺：深度線索、視差與檢測｜114 學年度〕5 題 single×5
✔ content/bank/optometry/semester114/s114-optometry-course114-u09.json  〔近點調節 NPA 與近點聚合 NPC｜114 學年度〕8 題 single×8
✔ content/bank/optometry/semester114/s114-optometry-exam106-u04.json  〔瞳距測量與焦度計｜106 年國考〕17 題 single×17
✔ content/bank/optometry/semester114/s114-optometry-exam106-u05.json  〔客觀驗光：視網膜檢影與綜合驗光儀｜106 年國考〕24 題 single×24
✔ content/bank/optometry/semester114/s114-optometry-exam106-u06.json  〔角膜曲率測量：K 值與角膜地圖｜106 年國考〕8 題 single×8
✔ content/bank/optometry/semester114/s114-optometry-exam106-u07.json  〔瞳孔反應：光反射、RAPD 與 Horner syndrome｜106 年國考〕5 題 single×5
✔ content/bank/optometry/semester114/s114-optometry-exam106-u08.json  〔立體視覺：深度線索、視差與檢測｜106 年國考〕1 題 single×1
✔ content/bank/optometry/semester114/s114-optometry-exam106-u09.json  〔近點調節 NPA 與近點聚合 NPC｜106 年國考〕22 題 single×22
✔ content/bank/optometry/semester114/s114-optometry-exam107-u04.json  〔瞳距測量與焦度計｜107 年國考〕18 題 single×18
✔ content/bank/optometry/semester114/s114-optometry-exam107-u05.json  〔客觀驗光：視網膜檢影與綜合驗光儀｜107 年國考〕11 題 single×11
✔ content/bank/optometry/semester114/s114-optometry-exam107-u06.json  〔角膜曲率測量：K 值與角膜地圖｜107 年國考〕5 題 single×5
✔ content/bank/optometry/semester114/s114-optometry-exam107-u07.json  〔瞳孔反應：光反射、RAPD 與 Horner syndrome｜107 年國考〕6 題 single×6
✔ content/bank/optometry/semester114/s114-optometry-exam107-u08.json  〔立體視覺：深度線索、視差與檢測｜107 年國考〕1 題 single×1
✔ content/bank/optometry/semester114/s114-optometry-exam107-u09.json  〔近點調節 NPA 與近點聚合 NPC｜107 年國考〕27 題 single×27
✔ content/bank/optometry/semester114/s114-optometry-exam108-u04.json  〔瞳距測量與焦度計｜108 年國考〕23 題 single×23
✔ content/bank/optometry/semester114/s114-optometry-exam108-u05.json  〔客觀驗光：視網膜檢影與綜合驗光儀｜108 年國考〕10 題 single×10
✔ content/bank/optometry/semester114/s114-optometry-exam108-u06.json  〔角膜曲率測量：K 值與角膜地圖｜108 年國考〕10 題 single×10
✔ content/bank/optometry/semester114/s114-optometry-exam108-u07.json  〔瞳孔反應：光反射、RAPD 與 Horner syndrome｜108 年國考〕5 題 single×5
✔ content/bank/optometry/semester114/s114-optometry-exam108-u09.json  〔近點調節 NPA 與近點聚合 NPC｜108 年國考〕24 題 single×24
✔ content/bank/optometry/semester114/s114-optometry-exam109-u04.json  〔瞳距測量與焦度計｜109 年國考〕17 題 single×17
✔ content/bank/optometry/semester114/s114-optometry-exam109-u05.json  〔客觀驗光：視網膜檢影與綜合驗光儀｜109 年國考〕19 題 single×19
✔ content/bank/optometry/semester114/s114-optometry-exam109-u06.json  〔角膜曲率測量：K 值與角膜地圖｜109 年國考〕10 題 single×10
✔ content/bank/optometry/semester114/s114-optometry-exam109-u07.json  〔瞳孔反應：光反射、RAPD 與 Horner syndrome｜109 年國考〕3 題 single×3
✔ content/bank/optometry/semester114/s114-optometry-exam109-u08.json  〔立體視覺：深度線索、視差與檢測｜109 年國考〕1 題 single×1
✔ content/bank/optometry/semester114/s114-optometry-exam109-u09.json  〔近點調節 NPA 與近點聚合 NPC｜109 年國考〕21 題 single×21
✔ content/bank/optometry/semester114/s114-optometry-exam110-u04.json  〔瞳距測量與焦度計｜110 年國考〕8 題 single×8
✔ content/bank/optometry/semester114/s114-optometry-exam110-u05.json  〔客觀驗光：視網膜檢影與綜合驗光儀｜110 年國考〕6 題 single×6
✔ content/bank/optometry/semester114/s114-optometry-exam110-u06.json  〔角膜曲率測量：K 值與角膜地圖｜110 年國考〕8 題 single×8
✔ content/bank/optometry/semester114/s114-optometry-exam110-u07.json  〔瞳孔反應：光反射、RAPD 與 Horner syndrome｜110 年國考〕1 題 single×1
✔ content/bank/optometry/semester114/s114-optometry-exam110-u08.json  〔立體視覺：深度線索、視差與檢測｜110 年國考〕1 題 single×1
✔ content/bank/optometry/semester114/s114-optometry-exam110-u09.json  〔近點調節 NPA 與近點聚合 NPC｜110 年國考〕11 題 single×11
✔ content/bank/optometry/semester114/s114-optometry-exam111-u04.json  〔瞳距測量與焦度計｜111 年國考〕12 題 single×12
✔ content/bank/optometry/semester114/s114-optometry-exam111-u05.json  〔客觀驗光：視網膜檢影與綜合驗光儀｜111 年國考〕7 題 single×7
✔ content/bank/optometry/semester114/s114-optometry-exam111-u06.json  〔角膜曲率測量：K 值與角膜地圖｜111 年國考〕4 題 single×4
✔ content/bank/optometry/semester114/s114-optometry-exam111-u07.json  〔瞳孔反應：光反射、RAPD 與 Horner syndrome｜111 年國考〕2 題 single×2
✔ content/bank/optometry/semester114/s114-optometry-exam111-u08.json  〔立體視覺：深度線索、視差與檢測｜111 年國考〕2 題 single×2
✔ content/bank/optometry/semester114/s114-optometry-exam111-u09.json  〔近點調節 NPA 與近點聚合 NPC｜111 年國考〕12 題 single×12
✔ content/bank/optometry/semester114/s114-optometry-exam112-u04.json  〔瞳距測量與焦度計｜112 年國考〕14 題 single×14
✔ content/bank/optometry/semester114/s114-optometry-exam112-u05.json  〔客觀驗光：視網膜檢影與綜合驗光儀｜112 年國考〕8 題 single×8
✔ content/bank/optometry/semester114/s114-optometry-exam112-u06.json  〔角膜曲率測量：K 值與角膜地圖｜112 年國考〕4 題 single×4
✔ content/bank/optometry/semester114/s114-optometry-exam112-u07.json  〔瞳孔反應：光反射、RAPD 與 Horner syndrome｜112 年國考〕2 題 single×2
✔ content/bank/optometry/semester114/s114-optometry-exam112-u08.json  〔立體視覺：深度線索、視差與檢測｜112 年國考〕3 題 single×3
✔ content/bank/optometry/semester114/s114-optometry-exam112-u09.json  〔近點調節 NPA 與近點聚合 NPC｜112 年國考〕11 題 single×11
✔ content/bank/optometry/semester114/s114-optometry-exam113-u04.json  〔瞳距測量與焦度計｜113 年國考〕5 題 single×5
✔ content/bank/optometry/semester114/s114-optometry-exam113-u05.json  〔客觀驗光：視網膜檢影與綜合驗光儀｜113 年國考〕5 題 single×5
✔ content/bank/optometry/semester114/s114-optometry-exam113-u06.json  〔角膜曲率測量：K 值與角膜地圖｜113 年國考〕4 題 single×4
✔ content/bank/optometry/semester114/s114-optometry-exam113-u07.json  〔瞳孔反應：光反射、RAPD 與 Horner syndrome｜113 年國考〕1 題 single×1
✔ content/bank/optometry/semester114/s114-optometry-exam113-u08.json  〔立體視覺：深度線索、視差與檢測｜113 年國考〕1 題 single×1
✔ content/bank/optometry/semester114/s114-optometry-exam113-u09.json  〔近點調節 NPA 與近點聚合 NPC｜113 年國考〕6 題 single×6
✔ content/bank/optometry/semester114/s114-optometry-exam114-u04.json  〔瞳距測量與焦度計｜114 年國考〕5 題 single×5
✔ content/bank/optometry/semester114/s114-optometry-exam114-u05.json  〔客觀驗光：視網膜檢影與綜合驗光儀｜114 年國考〕5 題 single×5
✔ content/bank/optometry/semester114/s114-optometry-exam114-u06.json  〔角膜曲率測量：K 值與角膜地圖｜114 年國考〕2 題 single×2
✔ content/bank/optometry/semester114/s114-optometry-exam114-u07.json  〔瞳孔反應：光反射、RAPD 與 Horner syndrome｜114 年國考〕2 題 single×2
✔ content/bank/optometry/semester114/s114-optometry-exam114-u08.json  〔立體視覺：深度線索、視差與檢測｜114 年國考〕1 題 single×1
✔ content/bank/optometry/semester114/s114-optometry-exam114-u09.json  〔近點調節 NPA 與近點聚合 NPC｜114 年國考〕4 題 single×4
✔ content/bank/physio/semester114/s114-physio-course114-u10-11.json  〔Unit 10-11｜心血管系統｜114 學年度〕60 題 single×60
✔ content/bank/physio/semester114/s114-physio-course114-u12.json  〔Unit 12｜泌尿系統｜114 學年度〕60 題 single×60
✔ content/bank/physio/semester114/s114-physio-course114-u13.json  〔Unit 13｜中樞神經系統與周邊神經系統｜114 學年度〕60 題 single×60
✔ content/bank/physio/semester114/s114-physio-course114-u14.json  〔Unit 14｜特殊感覺系統｜114 學年度〕60 題 single×60
✔ content/bank/physio/semester114/s114-physio-course114-u15.json  〔Unit 15｜自主神經系統｜114 學年度〕60 題 single×60
✔ content/bank/physio/semester114/s114-physio-course114-u16.json  〔Unit 16｜內分泌系統｜114 學年度〕60 題 single×60
✔ content/bank/physio/semester114/s114-physio-course114-u17.json  〔Unit 17｜生殖系統｜114 學年度〕60 題 single×60
✔ content/bank/physopt/physopt-u1-q.json  〔第一單元 光學共同語言（練習）〕30 題 single×23 multi×2 fill×4 open×1
✔ content/bank/physopt/physopt-u2-q.json  〔第二單元 反射與折射介面（練習）〕30 題 single×22 fill×4 multi×3 open×1
✔ content/bank/physopt/physopt-u3-q.json  〔第三單元 薄透鏡成像（練習）〕36 題 single×26 fill×7 multi×2 open×1
✔ content/bank/physopt/physopt-u4-q.json  〔第四單元 厚透鏡與高斯系統（練習）〕35 題 single×25 fill×7 multi×2 open×1

題庫：183 個檔案、183 個題本、1878 題；失敗 0 個檔案

✔ content/learn/basic_optics/semester114/s114-basic-optics-ch10-p1.json  〔期末總複習（1）〕4 課 32 步
✔ content/learn/basic_optics/semester114/s114-basic-optics-ch10-p2.json  〔期末總複習（2）〕3 課 30 步
✔ content/learn/basic_optics/semester114/s114-basic-optics-ch10-worked.json  〔期末總複習例題詳解〕2 課 16 步
✔ content/learn/basic_optics/semester114/s114-basic-optics-ch6-p1.json  〔厚透鏡的光學特性（1）〕6 課 50 步
✔ content/learn/basic_optics/semester114/s114-basic-optics-ch6-p2.json  〔厚透鏡的光學特性（2）〕5 課 46 步
✔ content/learn/basic_optics/semester114/s114-basic-optics-ch6-worked.json  〔厚透鏡的光學特性例題詳解〕3 課 28 步
✔ content/learn/basic_optics/semester114/s114-basic-optics-ch7-p1.json  〔球面屈光不正（1）〕5 課 42 步
✔ content/learn/basic_optics/semester114/s114-basic-optics-ch7-p2.json  〔球面屈光不正（2）〕5 課 44 步
✔ content/learn/basic_optics/semester114/s114-basic-optics-ch7-worked.json  〔球面屈光不正例題詳解〕5 課 40 步
✔ content/learn/basic_optics/semester114/s114-basic-optics-ch8-p1.json  〔反射（1）〕6 課 50 步
✔ content/learn/basic_optics/semester114/s114-basic-optics-ch8-p2.json  〔反射（2）〕5 課 44 步
✔ content/learn/basic_optics/semester114/s114-basic-optics-ch8-worked.json  〔反射例題詳解〕5 課 40 步
✔ content/learn/basic_optics/semester114/s114-basic-optics-ch9-p1.json  〔像差（1）〕6 課 52 步
✔ content/learn/basic_optics/semester114/s114-basic-optics-ch9-p2.json  〔像差（2）〕6 課 54 步
✔ content/learn/basic_optics/semester114/s114-basic-optics-ch9-worked.json  〔像差例題詳解〕3 課 24 步
✔ content/learn/basic_optics/semester114/s114-basic-optics-rescue-ch6.json  〔一步一步帶你解：第六章・厚透鏡〕4 課 32 步
✔ content/learn/basic_optics/semester114/s114-basic-optics-rescue-ch7.json  〔一步一步帶你解：第七章・球面屈光不正〕4 課 32 步
✔ content/learn/basic_optics/semester114/s114-basic-optics-rescue-ch8.json  〔一步一步帶你解：第八章・反射〕5 課 40 步
✔ content/learn/basic_optics/semester114/s114-basic-optics-rescue-ch9.json  〔一步一步帶你解：第九章・像差〕2 課 16 步
✔ content/learn/eye_anat/eye-anat-orbit-course.json  〔眼眶骨與顱孔：從圖認骨、從孔辨神經〕5 課 49 步
✔ content/learn/eye_anat/eye-anat-visual-path-course.json  〔視覺路徑：從標本走到枕葉與視野定位〕4 課 39 步
✔ content/learn/eye_ans/ans-basics.json  〔自主神經系統基本概念〕2 課 25 步
✔ content/learn/eye_ans/ans-clinical.json  〔腦幹神經核與臨床表現〕2 課 28 步
✔ content/learn/eye_ans/ans-pathways.json  〔眼部自主神經的解剖路徑〕3 課 39 步
✔ content/learn/eye_ans/ans-reflex.json  〔瞳孔光反射、近物反射與瞳孔放大〕3 課 36 步
✔ content/learn/eye_ans/ans-trigeminal.json  〔三叉神經與眼眶的神經通道〕2 課 22 步
✔ content/learn/eye_ans/cornea/cornea-general.json  〔角膜總論：尺寸、屈光與組成〕2 課 21 步
✔ content/learn/eye_ans/cornea/cornea-layers.json  〔角膜五層構造〕5 課 56 步
✔ content/learn/eye_ans/cornea/cornea-supply.json  〔角膜的營養、神經與臨床應用〕3 課 35 步
✔ content/learn/eye_ans/semester114/s114-eye-ans-adnexa-p1.json  〔眼瞼、淚腺與結膜（1）〕5 課 52 步
✔ content/learn/eye_ans/semester114/s114-eye-ans-adnexa-p2.json  〔眼瞼、淚腺與結膜（2）〕5 課 46 步
✔ content/learn/eye_ans/semester114/s114-eye-ans-central-visual-pathway-p1.json  〔中樞視覺路徑（1）〕4 課 42 步
✔ content/learn/eye_ans/semester114/s114-eye-ans-central-visual-pathway-p2.json  〔中樞視覺路徑（2）〕3 課 26 步
✔ content/learn/eye_ans/semester114/s114-eye-ans-ocular-blood-supply-p1.json  〔眼球構造血液供給（1）〕4 課 40 步
✔ content/learn/eye_ans/semester114/s114-eye-ans-ocular-blood-supply-p2.json  〔眼球構造血液供給（2）〕3 課 26 步
✔ content/learn/eye_ans/semester114/s114-eye-ans-retina-layers-p1.json  〔視網膜分層構造（1）〕4 課 42 步
✔ content/learn/eye_ans/semester114/s114-eye-ans-retina-layers-p2.json  〔視網膜分層構造（2）〕3 課 26 步
✔ content/learn/eye_ans/semester114/s114-eye-ans-retinal-electrophysiology.json  〔視網膜與眼電位〕6 課 56 步
✔ content/learn/eye_ans/semester114/s114-eye-ans-retinal-transmission.json  〔視網膜與神經傳遞〕6 課 58 步
✔ content/learn/eye_ans/semester114/s114-eye-ans-tear-film-p1.json  〔淚膜構造（1）〕4 課 40 步
✔ content/learn/eye_ans/semester114/s114-eye-ans-tear-film-p2.json  〔淚膜構造（2）〕3 課 26 步
✔ content/learn/eye_ans/semester114/s114-eye-ans-terms-p1.json  〔中英文核心名詞（1）〕6 課 60 步
✔ content/learn/eye_ans/semester114/s114-eye-ans-terms-p2.json  〔中英文核心名詞（2）〕6 課 58 步
✔ content/learn/eye_ans/semester114/s114-eye-ans-visual-reflexes-p1.json  〔中樞神經系統與視覺反射（1）〕4 課 34 步
✔ content/learn/eye_ans/semester114/s114-eye-ans-visual-reflexes-p2.json  〔中樞神經系統與視覺反射（2）〕4 課 36 步
✔ content/learn/optometry/semester114/s114-optometry-keratometry-p1.json  〔角膜曲率測量：K 值與角膜地圖（1）〕4 課 42 步
✔ content/learn/optometry/semester114/s114-optometry-keratometry-p2.json  〔角膜曲率測量：K 值與角膜地圖（2）〕3 課 26 步
✔ content/learn/optometry/semester114/s114-optometry-near-point-p1.json  〔近點調節 NPA 與近點聚合 NPC（1）〕4 課 42 步
✔ content/learn/optometry/semester114/s114-optometry-near-point-p2.json  〔近點調節 NPA 與近點聚合 NPC（2）〕3 課 26 步
✔ content/learn/optometry/semester114/s114-optometry-objective-refraction-p1.json  〔客觀驗光：視網膜檢影與綜合驗光儀（1）〕4 課 40 步
✔ content/learn/optometry/semester114/s114-optometry-objective-refraction-p2.json  〔客觀驗光：視網膜檢影與綜合驗光儀（2）〕3 課 28 步
✔ content/learn/optometry/semester114/s114-optometry-pd-lensometry-p1.json  〔瞳距測量與焦度計（1）〕4 課 42 步
✔ content/learn/optometry/semester114/s114-optometry-pd-lensometry-p2.json  〔瞳距測量與焦度計（2）〕3 課 26 步
✔ content/learn/optometry/semester114/s114-optometry-pupil-response-p1.json  〔瞳孔反應：光反射、RAPD 與 Horner syndrome（1）〕4 課 42 步
✔ content/learn/optometry/semester114/s114-optometry-pupil-response-p2.json  〔瞳孔反應：光反射、RAPD 與 Horner syndrome（2）〕3 課 26 步
✔ content/learn/optometry/semester114/s114-optometry-stereopsis-p1.json  〔立體視覺：深度線索、視差與檢測（1）〕4 課 40 步
✔ content/learn/optometry/semester114/s114-optometry-stereopsis-p2.json  〔立體視覺：深度線索、視差與檢測（2）〕3 課 26 步
✔ content/learn/optometry/semester114/s114-optometry-terms-p1.json  〔中英文核心名詞（1）〕6 課 60 步
✔ content/learn/optometry/semester114/s114-optometry-terms-p2.json  〔中英文核心名詞（2）〕6 課 60 步
✔ content/learn/optometry/semester114/s114-optometry-terms-p3.json  〔中英文核心名詞（3）〕6 課 60 步
✔ content/learn/optometry/semester114/s114-optometry-terms-p4.json  〔中英文核心名詞（4）〕6 課 60 步
✔ content/learn/optometry/semester114/s114-optometry-terms-p5.json  〔中英文核心名詞（5）〕6 課 60 步
✔ content/learn/optometry/semester114/s114-optometry-terms-p6.json  〔中英文核心名詞（6）〕4 課 38 步
✔ content/learn/physio/semester114/s114-physio-ans-p1.json  〔自主神經系統（1）〕6 課 58 步
✔ content/learn/physio/semester114/s114-physio-ans-p2.json  〔自主神經系統（2）〕6 課 58 步
✔ content/learn/physio/semester114/s114-physio-cardiovascular-p1.json  〔心血管系統（1）〕5 課 52 步
✔ content/learn/physio/semester114/s114-physio-cardiovascular-p2.json  〔心血管系統（2）〕5 課 46 步
✔ content/learn/physio/semester114/s114-physio-cardiovascular-p3.json  〔心血管系統（3）〕5 課 46 步
✔ content/learn/physio/semester114/s114-physio-cardiovascular-p4.json  〔心血管系統（4）〕4 課 38 步
✔ content/learn/physio/semester114/s114-physio-cns-p1.json  〔中樞神經系統與周邊神經系統（1）〕5 課 50 步
✔ content/learn/physio/semester114/s114-physio-cns-p2.json  〔中樞神經系統與周邊神經系統（2）〕5 課 48 步
✔ content/learn/physio/semester114/s114-physio-cns-p3.json  〔中樞神經系統與周邊神經系統（3）〕5 課 46 步
✔ content/learn/physio/semester114/s114-physio-endocrine-p1.json  〔內分泌系統（1）〕5 課 48 步
✔ content/learn/physio/semester114/s114-physio-endocrine-p2.json  〔內分泌系統（2）〕5 課 50 步
✔ content/learn/physio/semester114/s114-physio-reproduction-p1.json  〔生殖系統（1）〕6 課 62 步
✔ content/learn/physio/semester114/s114-physio-reproduction-p2.json  〔生殖系統（2）〕5 課 46 步
✔ content/learn/physio/semester114/s114-physio-special-senses-p1.json  〔特殊感覺系統（1）〕6 課 56 步
✔ content/learn/physio/semester114/s114-physio-special-senses-p2.json  〔特殊感覺系統（2）〕6 課 56 步
✔ content/learn/physio/semester114/s114-physio-special-senses-p3.json  〔特殊感覺系統（3）〕6 課 56 步
✔ content/learn/physio/semester114/s114-physio-terms-p1.json  〔中英文核心名詞（1）〕6 課 60 步
✔ content/learn/physio/semester114/s114-physio-terms-p2.json  〔中英文核心名詞（2）〕6 課 60 步
✔ content/learn/physio/semester114/s114-physio-terms-p3.json  〔中英文核心名詞（3）〕6 課 60 步
✔ content/learn/physio/semester114/s114-physio-terms-p4.json  〔中英文核心名詞（4）〕6 課 60 步
✔ content/learn/physio/semester114/s114-physio-terms-p5.json  〔中英文核心名詞（5）〕6 課 60 步
✔ content/learn/physio/semester114/s114-physio-terms-p6.json  〔中英文核心名詞（6）〕4 課 40 步
✔ content/learn/physio/semester114/s114-physio-urinary-p1.json  〔泌尿系統（1）〕5 課 52 步
✔ content/learn/physio/semester114/s114-physio-urinary-p2.json  〔泌尿系統（2）〕5 課 46 步
✔ content/learn/physio/semester114/s114-physio-urinary-p3.json  〔泌尿系統（3）〕5 課 46 步
✔ content/learn/physopt/physopt-u1-language.json  〔光學共同語言：光線、波前與聚散度〕4 課 48 步
✔ content/learn/physopt/physopt-u2-interface.json  〔反射與折射介面：司乃耳定律到球面屈光力〕4 課 43 步
✔ content/learn/physopt/physopt-u3-thinlens.json  〔薄透鏡成像：聚散度、焦點與光線圖〕6 課 73 步
✔ content/learn/physopt/physopt-u4-thicklens.json  〔厚透鏡與高斯系統：力量要配參考面〕6 課 75 步

學習模式：92 個檔案、可用 92 個單元；失敗 0

題目索引已輸出到 content/_index/（6 科）
已輸出 data/bank.js（2679 KB）
已輸出 data/learn.js（3677 KB）
已輸出 data/prompts.js（160 KB）
